// 同步 ID: 76613035 @ Sat Jul 25 09:10:16 UTC 2026
// 重构日志: 378c8796
// 重构日志: 51bae7d7
// 重构日志: fd97c300
// 同步 ID: 7de53d09 @ Wed Jul 29 03:47:14 UTC 2026
// 重构日志: 35e33ff7
// 同步 ID: 2274226f @ Wed Jul 29 12:28:48 UTC 2026
// 同步 ID: 3a611090 @ Wed Jul 29 16:14:16 UTC 2026
// 重构日志: 8a8de528
// 同步 ID: dee2b41e @ Thu Jul 30 09:41:49 UTC 2026
// 重构日志: 6ec3d0e9
// 重构日志: d21c1d7f
// 同步 ID: 480f00bf @ Fri Jul 31 08:27:26 UTC 2026
// 重构日志: afcda934
// 重构日志: f8325781
// 同步 ID: b6cd31df @ Fri Jul 31 18:36:15 UTC 2026
// 同步 ID: 489ccc9d @ Sat Aug  1 12:22:08 UTC 2026
// 重构日志: 2de40345
// 重构日志: 646e7402
// 重构日志: 2f3022a3
// 重构日志: 734ed818
// 重构日志: 66375ff1
// 重构日志: d5fea1e7
// 同步 ID: 7f8f9153 @ Tue Aug  4 04:28:01 UTC 2026
// 同步 ID: 01198d76 @ Tue Aug  4 06:57:47 UTC 2026
// 同步 ID: d59e6961 @ Wed Aug  5 07:16:18 UTC 2026
// 同步 ID: a9c450a6 @ Wed Aug  5 10:03:06 UTC 2026
// 重构日志: d4016723
// 重构日志: 226d63d6
// 同步 ID: a9fbc528 @ Wed Aug  5 21:32:45 UTC 2026
// 重构日志: 0769338c
// 重构日志: aab0cfed
// 重构日志: ded68aec
// 重构日志: 0b745689
